
> pict-connect@0.1.0 build
> next build

node.exe : [baseline-b
rowser-mapping] The 
data in this module 
is over two months 
old.  To ensure 
accurate Baseline 
data, please update: 
`npm i baseline-browse
r-mapping@latest -D`
At line:1 char:1
+ & "C:\Program Files\
nodejs/node.exe" 
"C:\Program 
Files\nodejs/node_mo 
...
+ ~~~~~~~~~~~~~~~~~~~~
~~~~~~~~~~~~~~~~~~~~~~
~~~~~~~~~~~~~~~~~~~~~~
~~~~~
    + CategoryInfo    
          : NotSpeci  
  fied: ([baseline-   
 brows...ping@late    
st -D`:String) []    
, RemoteException
    + FullyQualifiedE 
   rrorId : NativeCo  
  mmandError
 
   Γû▓ Next.js 16.0.3 (Turbopack)
   - Environments: .env.local

   Creating an optimized production build ...
[baseline-browser-mapp
ing] The data in this 
module is over two 
months old.  To 
ensure accurate 
Baseline data, please 
update: `npm i baselin
e-browser-mapping@late
st -D`
 Γ£ô Compiled successfully in 2.9s
   Running TypeScript ...
Failed to compile.

.next/dev/types/routes
.d.ts:59:3
Type error: 
Declaration or 
statement expected.

[0m [90m 57 |[39m }
 [90m 58 |[39m 
ams[33m:[39m [33mPr
omise[39m[33m<[39m
[33mRecord[39m[33m<
[39m[33mstring[39m[
33m,[39m string 
[33m|[39m string[] 
[33m|[39m 
undefined[33m>>[39m
[31m[1m>[22m[39m[
90m 59 |[39m   }
 [90m    |[39m   
[31m[1m^[22m[39m
 [90m 60 |[39m
 [90m 61 |[39m   
[90m/**[39m
 [90m 62 |[39m 
[90m   * Props for 
Next.js App Router 
layout 
components[39m[0m
Next.js build worker 
exited with code: 1 
and signal: null
